Release 14.7 - xst P.20131013 (nt64)
Copyright (c) 1995-2013 Xilinx, Inc.  All rights reserved.
--> Parameter TMPDIR set to xst/projnav.tmp


Total REAL time to Xst completion: 0.00 secs
Total CPU time to Xst completion: 0.12 secs
 
--> Parameter xsthdpdir set to xst


Total REAL time to Xst completion: 0.00 secs
Total CPU time to Xst completion: 0.12 secs
 
--> Reading design: Data_Memory_Block.prj

TABLE OF CONTENTS
  1) Synthesis Options Summary
  2) HDL Parsing
  3) HDL Elaboration
  4) HDL Synthesis
       4.1) HDL Synthesis Report
  5) Advanced HDL Synthesis
       5.1) Advanced HDL Synthesis Report
  6) Low Level Synthesis
  7) Partition Report
  8) Design Summary
       8.1) Primitive and Black Box Usage
       8.2) Device utilization summary
       8.3) Partition Resource Summary
       8.4) Timing Report
            8.4.1) Clock Information
            8.4.2) Asynchronous Control Signals Information
            8.4.3) Timing Summary
            8.4.4) Timing Details
            8.4.5) Cross Clock Domains Report


=========================================================================
*                      Synthesis Options Summary                        *
=========================================================================
---- Source Parameters
Input File Name                    : "Data_Memory_Block.prj"
Ignore Synthesis Constraint File   : NO

---- Target Parameters
Output File Name                   : "Data_Memory_Block"
Output Format                      : NGC
Target Device                      : xc7a100t-1-csg324

---- Source Options
Top Module Name                    : Data_Memory_Block
Automatic FSM Extraction           : YES
FSM Encoding Algorithm             : Auto
Safe Implementation                : No
FSM Style                          : LUT
RAM Extraction                     : Yes
RAM Style                          : Auto
ROM Extraction                     : Yes
Shift Register Extraction          : YES
ROM Style                          : Auto
Resource Sharing                   : YES
Asynchronous To Synchronous        : NO
Shift Register Minimum Size        : 2
Use DSP Block                      : Auto
Automatic Register Balancing       : No

---- Target Options
LUT Combining                      : Auto
Reduce Control Sets                : Auto
Add IO Buffers                     : YES
Global Maximum Fanout              : 100000
Add Generic Clock Buffer(BUFG)     : 32
Register Duplication               : YES
Optimize Instantiated Primitives   : NO
Use Clock Enable                   : Auto
Use Synchronous Set                : Auto
Use Synchronous Reset              : Auto
Pack IO Registers into IOBs        : Auto
Equivalent register Removal        : YES

---- General Options
Optimization Goal                  : Speed
Optimization Effort                : 1
Power Reduction                    : NO
Keep Hierarchy                     : No
Netlist Hierarchy                  : As_Optimized
RTL Output                         : Yes
Global Optimization                : AllClockNets
Read Cores                         : YES
Write Timing Constraints           : NO
Cross Clock Analysis               : NO
Hierarchy Separator                : /
Bus Delimiter                      : <>
Case Specifier                     : Maintain
Slice Utilization Ratio            : 100
BRAM Utilization Ratio             : 100
DSP48 Utilization Ratio            : 100
Auto BRAM Packing                  : NO
Slice Utilization Ratio Delta      : 5

---- Other Options
Cores Search Directories           : {"ipcore_dir"  }

=========================================================================


=========================================================================
*                          HDL Parsing                                  *
=========================================================================
Analyzing Verilog file "C:\Users\student\Desktop\co_lab\co_lab\Tue_03_MIPS\Tue_03_MIPS\ipcore_dir\data_mem.v" into library work
Parsing module <data_mem>.
Analyzing Verilog file "C:\Users\student\Desktop\co_lab\co_lab\Tue_03_MIPS\Tue_03_MIPS\data_memory_block.v" into library work
Parsing module <Data_Memory_Block>.

=========================================================================
*                            HDL Elaboration                            *
=========================================================================

Elaborating module <Data_Memory_Block>.

Elaborating module <data_mem>.
WARNING:HDLCompiler:1499 - "C:\Users\student\Desktop\co_lab\co_lab\Tue_03_MIPS\Tue_03_MIPS\ipcore_dir\data_mem.v" Line 39: Empty module <data_mem> remains a black box.

=========================================================================
*                           HDL Synthesis                               *
=========================================================================

Synthesizing Unit <Data_Memory_Block>.
    Related source file is "C:\Users\student\Desktop\co_lab\co_lab\Tue_03_MIPS\Tue_03_MIPS\data_memory_block.v".
    Found 16-bit register for signal <Ex_out>.
    Summary:
	inferred  16 D-type flip-flop(s).
	inferred   1 Multiplexer(s).
Unit <Data_Memory_Block> synthesized.

=========================================================================
HDL Synthesis Report

Macro Statistics
# Registers                                            : 1
 16-bit register                                       : 1
# Multiplexers                                         : 1
 16-bit 2-to-1 multiplexer                             : 1

=========================================================================

=========================================================================
*                       Advanced HDL Synthesis                          *
=========================================================================

Reading core <ipcore_dir/data_mem.ngc>.
Loading core <data_mem> for timing and area information for instance <d_m>.

=========================================================================
Advanced HDL Synthesis Report

Macro Statistics
# Registers                                            : 16
 Flip-Flops                                            : 16
# Multiplexers                                         : 1
 16-bit 2-to-1 multiplexer                             : 1

=========================================================================

=========================================================================
*                         Low Level Synthesis                           *
=========================================================================

Optimizing unit <Data_Memory_Block> ...

Mapping all equations...
Building and optimizing final netlist ...
Found area constraint ratio of 100 (+ 5) on block Data_Memory_Block, actual ratio is 0.

Final Macro Processing ...

=========================================================================
Final Register Report

Macro Statistics
# Registers                                            : 16
 Flip-Flops                                            : 16

=========================================================================

=========================================================================
*                           Partition Report                            *
=========================================================================

Partition Implementation Status
-------------------------------

  No Partitions were found in this design.

-------------------------------

=========================================================================
*                            Design Summary                             *
=========================================================================

Top Level Output File Name         : Data_Memory_Block.ngc

Primitive and Black Box Usage:
------------------------------
# BELS                             : 98
#      GND                         : 1
#      INV                         : 1
#      LUT3                        : 16
#      LUT5                        : 16
#      LUT6                        : 36
#      MUXF7                       : 18
#      MUXF8                       : 9
#      VCC                         : 1
# FlipFlops/Latches                : 20
#      FDE                         : 20
# RAMS                             : 30
#      RAMB36E1                    : 30
# Clock Buffers                    : 1
#      BUFGP                       : 1
# IO Buffers                       : 52
#      IBUF                        : 36
#      OBUF                        : 16

Device utilization summary:
---------------------------

Selected Device : 7a100tcsg324-1 


Slice Logic Utilization: 
 Number of Slice Registers:              20  out of  126800     0%  
 Number of Slice LUTs:                   69  out of  63400     0%  
    Number used as Logic:                69  out of  63400     0%  

Slice Logic Distribution: 
 Number of LUT Flip Flop pairs used:     73
   Number with an unused Flip Flop:      53  out of     73    72%  
   Number with an unused LUT:             4  out of     73     5%  
   Number of fully used LUT-FF pairs:    16  out of     73    21%  
   Number of unique control sets:         2

IO Utilization: 
 Number of IOs:                          53
 Number of bonded IOBs:                  53  out of    210    25%  

Specific Feature Utilization:
 Number of Block RAM/FIFO:               30  out of    135    22%  
    Number using Block RAM only:         30
 Number of BUFG/BUFGCTRLs:                1  out of     32     3%  

---------------------------
Partition Resource Summary:
---------------------------

  No Partitions were found in this design.

---------------------------


=========================================================================
Timing Report

NOTE: THESE TIMING NUMBERS ARE ONLY A SYNTHESIS ESTIMATE.
      FOR ACCURATE TIMING INFORMATION PLEASE REFER TO THE TRACE REPORT
      GENERATED AFTER PLACE-and-ROUTE.

Clock Information:
------------------
-----------------------------------+------------------------+-------+
Clock Signal                       | Clock buffer(FF name)  | Load  |
-----------------------------------+------------------------+-------+
clk                                | BUFGP                  | 50    |
-----------------------------------+------------------------+-------+

Asynchronous Control Signals Information:
----------------------------------------
-------------------------------------------------------------------------------------------------------------------------------------------------------------------------------------------------------------------------------------------------------------------------+-----------------------------------------------------------------------------------------------------------------------------------------------+-------+
Control Signal                                                                                                                                                                                                                                                           | Buffer(FF name)                                                                                                                               | Load  |
-------------------------------------------------------------------------------------------------------------------------------------------------------------------------------------------------------------------------------------------------------------------------+-----------------------------------------------------------------------------------------------------------------------------------------------+-------+
d_m/N1(d_m/XST_GND:G)                                                                                                                                                                                                                                                    | NONE(d_m/U0/xst_blk_mem_generator/gnativebmg.native_blk_mem_gen/valid.cstr/ramloop[13].ram.r/v6_init.ram/NO_BMM_INFO.SP.SIMPLE_PRIM36.ram)    | 46    |
d_m/U0/xst_blk_mem_generator/gnativebmg.native_blk_mem_gen/valid.cstr/ramloop[16].ram.r/v6_init.ram/cascadelata_tmp(d_m/U0/xst_blk_mem_generator/gnativebmg.native_blk_mem_gen/valid.cstr/ramloop[16].ram.r/v6_init.ram/NO_BMM_INFO.SP.CASCADED_PRIM36.ram_B:CASCADEOUTA)| NONE(d_m/U0/xst_blk_mem_generator/gnativebmg.native_blk_mem_gen/valid.cstr/ramloop[16].ram.r/v6_init.ram/NO_BMM_INFO.SP.CASCADED_PRIM36.ram_T)| 1     |
d_m/U0/xst_blk_mem_generator/gnativebmg.native_blk_mem_gen/valid.cstr/ramloop[16].ram.r/v6_init.ram/cascadelatb_tmp(d_m/U0/xst_blk_mem_generator/gnativebmg.native_blk_mem_gen/valid.cstr/ramloop[16].ram.r/v6_init.ram/NO_BMM_INFO.SP.CASCADED_PRIM36.ram_B:CASCADEOUTB)| NONE(d_m/U0/xst_blk_mem_generator/gnativebmg.native_blk_mem_gen/valid.cstr/ramloop[16].ram.r/v6_init.ram/NO_BMM_INFO.SP.CASCADED_PRIM36.ram_T)| 1     |
d_m/U0/xst_blk_mem_generator/gnativebmg.native_blk_mem_gen/valid.cstr/ramloop[17].ram.r/v6_init.ram/cascadelata_tmp(d_m/U0/xst_blk_mem_generator/gnativebmg.native_blk_mem_gen/valid.cstr/ramloop[17].ram.r/v6_init.ram/NO_BMM_INFO.SP.CASCADED_PRIM36.ram_B:CASCADEOUTA)| NONE(d_m/U0/xst_blk_mem_generator/gnativebmg.native_blk_mem_gen/valid.cstr/ramloop[17].ram.r/v6_init.ram/NO_BMM_INFO.SP.CASCADED_PRIM36.ram_T)| 1     |
d_m/U0/xst_blk_mem_generator/gnativebmg.native_blk_mem_gen/valid.cstr/ramloop[17].ram.r/v6_init.ram/cascadelatb_tmp(d_m/U0/xst_blk_mem_generator/gnativebmg.native_blk_mem_gen/valid.cstr/ramloop[17].ram.r/v6_init.ram/NO_BMM_INFO.SP.CASCADED_PRIM36.ram_B:CASCADEOUTB)| NONE(d_m/U0/xst_blk_mem_generator/gnativebmg.native_blk_mem_gen/valid.cstr/ramloop[17].ram.r/v6_init.ram/NO_BMM_INFO.SP.CASCADED_PRIM36.ram_T)| 1     |
d_m/U0/xst_blk_mem_generator/gnativebmg.native_blk_mem_gen/valid.cstr/ramloop[18].ram.r/v6_init.ram/cascadelata_tmp(d_m/U0/xst_blk_mem_generator/gnativebmg.native_blk_mem_gen/valid.cstr/ramloop[18].ram.r/v6_init.ram/NO_BMM_INFO.SP.CASCADED_PRIM36.ram_B:CASCADEOUTA)| NONE(d_m/U0/xst_blk_mem_generator/gnativebmg.native_blk_mem_gen/valid.cstr/ramloop[18].ram.r/v6_init.ram/NO_BMM_INFO.SP.CASCADED_PRIM36.ram_T)| 1     |
d_m/U0/xst_blk_mem_generator/gnativebmg.native_blk_mem_gen/valid.cstr/ramloop[18].ram.r/v6_init.ram/cascadelatb_tmp(d_m/U0/xst_blk_mem_generator/gnativebmg.native_blk_mem_gen/valid.cstr/ramloop[18].ram.r/v6_init.ram/NO_BMM_INFO.SP.CASCADED_PRIM36.ram_B:CASCADEOUTB)| NONE(d_m/U0/xst_blk_mem_generator/gnativebmg.native_blk_mem_gen/valid.cstr/ramloop[18].ram.r/v6_init.ram/NO_BMM_INFO.SP.CASCADED_PRIM36.ram_T)| 1     |
d_m/U0/xst_blk_mem_generator/gnativebmg.native_blk_mem_gen/valid.cstr/ramloop[19].ram.r/v6_init.ram/cascadelata_tmp(d_m/U0/xst_blk_mem_generator/gnativebmg.native_blk_mem_gen/valid.cstr/ramloop[19].ram.r/v6_init.ram/NO_BMM_INFO.SP.CASCADED_PRIM36.ram_B:CASCADEOUTA)| NONE(d_m/U0/xst_blk_mem_generator/gnativebmg.native_blk_mem_gen/valid.cstr/ramloop[19].ram.r/v6_init.ram/NO_BMM_INFO.SP.CASCADED_PRIM36.ram_T)| 1     |
d_m/U0/xst_blk_mem_generator/gnativebmg.native_blk_mem_gen/valid.cstr/ramloop[19].ram.r/v6_init.ram/cascadelatb_tmp(d_m/U0/xst_blk_mem_generator/gnativebmg.native_blk_mem_gen/valid.cstr/ramloop[19].ram.r/v6_init.ram/NO_BMM_INFO.SP.CASCADED_PRIM36.ram_B:CASCADEOUTB)| NONE(d_m/U0/xst_blk_mem_generator/gnativebmg.native_blk_mem_gen/valid.cstr/ramloop[19].ram.r/v6_init.ram/NO_BMM_INFO.SP.CASCADED_PRIM36.ram_T)| 1     |
d_m/U0/xst_blk_mem_generator/gnativebmg.native_blk_mem_gen/valid.cstr/ramloop[20].ram.r/v6_init.ram/cascadelata_tmp(d_m/U0/xst_blk_mem_generator/gnativebmg.native_blk_mem_gen/valid.cstr/ramloop[20].ram.r/v6_init.ram/NO_BMM_INFO.SP.CASCADED_PRIM36.ram_B:CASCADEOUTA)| NONE(d_m/U0/xst_blk_mem_generator/gnativebmg.native_blk_mem_gen/valid.cstr/ramloop[20].ram.r/v6_init.ram/NO_BMM_INFO.SP.CASCADED_PRIM36.ram_T)| 1     |
d_m/U0/xst_blk_mem_generator/gnativebmg.native_blk_mem_gen/valid.cstr/ramloop[20].ram.r/v6_init.ram/cascadelatb_tmp(d_m/U0/xst_blk_mem_generator/gnativebmg.native_blk_mem_gen/valid.cstr/ramloop[20].ram.r/v6_init.ram/NO_BMM_INFO.SP.CASCADED_PRIM36.ram_B:CASCADEOUTB)| NONE(d_m/U0/xst_blk_mem_generator/gnativebmg.native_blk_mem_gen/valid.cstr/ramloop[20].ram.r/v6_init.ram/NO_BMM_INFO.SP.CASCADED_PRIM36.ram_T)| 1     |
d_m/U0/xst_blk_mem_generator/gnativebmg.native_blk_mem_gen/valid.cstr/ramloop[21].ram.r/v6_init.ram/cascadelata_tmp(d_m/U0/xst_blk_mem_generator/gnativebmg.native_blk_mem_gen/valid.cstr/ramloop[21].ram.r/v6_init.ram/NO_BMM_INFO.SP.CASCADED_PRIM36.ram_B:CASCADEOUTA)| NONE(d_m/U0/xst_blk_mem_generator/gnativebmg.native_blk_mem_gen/valid.cstr/ramloop[21].ram.r/v6_init.ram/NO_BMM_INFO.SP.CASCADED_PRIM36.ram_T)| 1     |
d_m/U0/xst_blk_mem_generator/gnativebmg.native_blk_mem_gen/valid.cstr/ramloop[21].ram.r/v6_init.ram/cascadelatb_tmp(d_m/U0/xst_blk_mem_generator/gnativebmg.native_blk_mem_gen/valid.cstr/ramloop[21].ram.r/v6_init.ram/NO_BMM_INFO.SP.CASCADED_PRIM36.ram_B:CASCADEOUTB)| NONE(d_m/U0/xst_blk_mem_generator/gnativebmg.native_blk_mem_gen/valid.cstr/ramloop[21].ram.r/v6_init.ram/NO_BMM_INFO.SP.CASCADED_PRIM36.ram_T)| 1     |
d_m/U0/xst_blk_mem_generator/gnativebmg.native_blk_mem_gen/valid.cstr/ramloop[22].ram.r/v6_init.ram/cascadelata_tmp(d_m/U0/xst_blk_mem_generator/gnativebmg.native_blk_mem_gen/valid.cstr/ramloop[22].ram.r/v6_init.ram/NO_BMM_INFO.SP.CASCADED_PRIM36.ram_B:CASCADEOUTA)| NONE(d_m/U0/xst_blk_mem_generator/gnativebmg.native_blk_mem_gen/valid.cstr/ramloop[22].ram.r/v6_init.ram/NO_BMM_INFO.SP.CASCADED_PRIM36.ram_T)| 1     |
d_m/U0/xst_blk_mem_generator/gnativebmg.native_blk_mem_gen/valid.cstr/ramloop[22].ram.r/v6_init.ram/cascadelatb_tmp(d_m/U0/xst_blk_mem_generator/gnativebmg.native_blk_mem_gen/valid.cstr/ramloop[22].ram.r/v6_init.ram/NO_BMM_INFO.SP.CASCADED_PRIM36.ram_B:CASCADEOUTB)| NONE(d_m/U0/xst_blk_mem_generator/gnativebmg.native_blk_mem_gen/valid.cstr/ramloop[22].ram.r/v6_init.ram/NO_BMM_INFO.SP.CASCADED_PRIM36.ram_T)| 1     |
-------------------------------------------------------------------------------------------------------------------------------------------------------------------------------------------------------------------------------------------------------------------------+-----------------------------------------------------------------------------------------------------------------------------------------------+-------+

Timing Summary:
---------------
Speed Grade: -1

   Minimum period: No path found
   Minimum input arrival time before clock: 1.235ns
   Maximum output required time after clock: 3.417ns
   Maximum combinational path delay: 1.338ns

Timing Details:
---------------
All values displayed in nanoseconds (ns)

=========================================================================
Timing constraint: Default OFFSET IN BEFORE for Clock 'clk'
  Total number of paths / destination ports: 198 / 198
-------------------------------------------------------------------------
Offset:              1.235ns (Levels of Logic = 2)
  Source:            DM_data<7> (PAD)
  Destination:       d_m/U0/xst_blk_mem_generator/gnativebmg.native_blk_mem_gen/valid.cstr/ramloop[15].ram.r/v6_init.ram/NO_BMM_INFO.SP.SIMPLE_PRIM36.ram (RAM)
  Destination Clock: clk rising

  Data Path: DM_data<7> to d_m/U0/xst_blk_mem_generator/gnativebmg.native_blk_mem_gen/valid.cstr/ramloop[15].ram.r/v6_init.ram/NO_BMM_INFO.SP.SIMPLE_PRIM36.ram
                                Gate     Net
    Cell:in->out      fanout   Delay   Delay  Logical Name (Net Name)
    ----------------------------------------  ------------
     IBUF:I->O            16   0.001   0.497  DM_data_7_IBUF (DM_data_7_IBUF)
     begin scope: 'd_m:dina<7>'
     RAMB36E1:DIADI7           0.737          U0/xst_blk_mem_generator/gnativebmg.native_blk_mem_gen/valid.cstr/ramloop[15].ram.r/v6_init.ram/NO_BMM_INFO.SP.SIMPLE_PRIM36.ram
    ----------------------------------------
    Total                      1.235ns (0.738ns logic, 0.497ns route)
                                       (59.8% logic, 40.2% route)

=========================================================================
Timing constraint: Default OFFSET OUT AFTER for Clock 'clk'
  Total number of paths / destination ports: 115 / 16
-------------------------------------------------------------------------
Offset:              3.417ns (Levels of Logic = 6)
  Source:            d_m/U0/xst_blk_mem_generator/gnativebmg.native_blk_mem_gen/valid.cstr/has_mux_a.A/sel_pipe_1 (FF)
  Destination:       ans_dm<8> (PAD)
  Source Clock:      clk rising

  Data Path: d_m/U0/xst_blk_mem_generator/gnativebmg.native_blk_mem_gen/valid.cstr/has_mux_a.A/sel_pipe_1 to ans_dm<8>
                                Gate     Net
    Cell:in->out      fanout   Delay   Delay  Logical Name (Net Name)
    ----------------------------------------  ------------
     FDE:C->Q             36   0.478   1.092  U0/xst_blk_mem_generator/gnativebmg.native_blk_mem_gen/valid.cstr/has_mux_a.A/sel_pipe_1 (U0/xst_blk_mem_generator/gnativebmg.native_blk_mem_gen/valid.cstr/has_mux_a.A/sel_pipe<1>)
     LUT6:I0->O            1   0.124   0.000  U0/xst_blk_mem_generator/gnativebmg.native_blk_mem_gen/valid.cstr/has_mux_a.A/Mmux_dout_mux_51 (U0/xst_blk_mem_generator/gnativebmg.native_blk_mem_gen/valid.cstr/has_mux_a.A/Mmux_dout_mux_51)
     MUXF7:I1->O           1   0.368   0.000  U0/xst_blk_mem_generator/gnativebmg.native_blk_mem_gen/valid.cstr/has_mux_a.A/Mmux_dout_mux_4_f7 (U0/xst_blk_mem_generator/gnativebmg.native_blk_mem_gen/valid.cstr/has_mux_a.A/Mmux_dout_mux_4_f7)
     MUXF8:I0->O           1   0.296   0.536  U0/xst_blk_mem_generator/gnativebmg.native_blk_mem_gen/valid.cstr/has_mux_a.A/Mmux_dout_mux_2_f8 (douta<0>)
     end scope: 'd_m:douta<0>'
     LUT3:I1->O            1   0.124   0.399  Mmux_ans_dm11 (ans_dm_0_OBUF)
     OBUF:I->O                 0.000          ans_dm_0_OBUF (ans_dm<0>)
    ----------------------------------------
    Total                      3.417ns (1.390ns logic, 2.027ns route)
                                       (40.7% logic, 59.3% route)

=========================================================================
Timing constraint: Default path analysis
  Total number of paths / destination ports: 16 / 16
-------------------------------------------------------------------------
Delay:               1.338ns (Levels of Logic = 3)
  Source:            mem_mux_sel_dm (PAD)
  Destination:       ans_dm<15> (PAD)

  Data Path: mem_mux_sel_dm to ans_dm<15>
                                Gate     Net
    Cell:in->out      fanout   Delay   Delay  Logical Name (Net Name)
    ----------------------------------------  ------------
     IBUF:I->O            16   0.001   0.814  mem_mux_sel_dm_IBUF (mem_mux_sel_dm_IBUF)
     LUT3:I0->O            1   0.124   0.399  Mmux_ans_dm161 (ans_dm_9_OBUF)
     OBUF:I->O                 0.000          ans_dm_9_OBUF (ans_dm<9>)
    ----------------------------------------
    Total                      1.338ns (0.125ns logic, 1.213ns route)
                                       (9.3% logic, 90.7% route)

=========================================================================

Cross Clock Domains Report:
--------------------------

=========================================================================


Total REAL time to Xst completion: 10.00 secs
Total CPU time to Xst completion: 10.42 secs
 
--> 

Total memory usage is 356672 kilobytes

Number of errors   :    0 (   0 filtered)
Number of warnings :    1 (   0 filtered)
Number of infos    :    0 (   0 filtered)

